2026-09-10 17:40:56.101 
'server.enableCORS=false' tells Streamlit not to limit cross-origin access.
Streamlit sends the header 'Access-Control-Allow-Origin: *', except on the file
upload routes, which stay pinned to the app address and still require a valid
XSRF token.
Streamlit also accepts a WebSocket connection from any origin.
Streamlit does not set 'server.enableCORS' to 'true' for you.
'server.enableXsrfProtection=true' does not stop a cross-origin WebSocket
connection, because Streamlit does not need a valid XSRF token to open one.

To limit cross-origin access, do these steps:
  1. Set 'server.enableCORS=true'.
  2. Put the origins that you trust in 'server.corsAllowedOrigins'.

'server.allowedHosts' can also limit the hostnames that Streamlit accepts on a
WebSocket connection.

2026-09-10 17:40:56.614 Uvicorn server started on 0.0.0.0:8501

  You can now view your Streamlit app in your browser.

  Local URL: http://localhost:8501
  Network URL: http://192.168.88.3:8501
  External URL: http://49.205.114.193:8501

  Detected WSL. Using poll-based file watching for better compatibility. To force watchdog, set server.fileWatcherType = "watchdog".
  Stopping...
